node.exe : ΓÜá 
Warning: Next.js 
inferred your 
workspace root, but 
it may not be correct.
At C:\Program Files\no
dejs\npx.ps1:29 char:3
+   & $NODE_EXE 
$NPX_CLI_JS $args
+   ~~~~~~~~~~~~~~~~~~
~~~~~~~~~~~
    + CategoryInfo    
          : 
NotSpecified: (Γ    
Üá Warning: Ne...not  
   be 
correct.:String) [    
], RemoteException
    + 
FullyQualifiedError   
 Id : 
NativeCommandErr    or
 
 We detected multiple 
lockfiles and 
selected the 
directory of C:\Users\
HP\package-lock.json 
as the root directory.
 To silence this 
warning, set 
`turbopack.root` in 
your Next.js config, 
or consider removing 
one of the lockfiles 
if it's not needed.
   See https://nextjs.
org/docs/app/api-refer
ence/config/next-confi
g-js/turbopack#root-di
rectory for more 
information.
 Detected additional 
lockfiles: 
   * C:\Users\HP\Deskt
op\codematics-inc\pack
age-lock.json

Γû▓ Next.js 16.1.6 (Turbopack)

  Creating an optimized production build ...
Error: Cannot apply 
unknown utility class 
`font-heading`
    [2m[at 
onInvalidCandidate (C:
\Users\HP\Desktop\code
matics-inc\node_module
s\tailwindcss\dist\lib
.js:21:1511)][0m
    [2m[at Ee (C:\Use
rs\HP\Desktop\codemati
cs-inc\node_modules\ta
ilwindcss\dist\lib.js:
16:37066)][0m
    [2m[at C:\Users\H
P\Desktop\codematics-i
nc\node_modules\tailwi
ndcss\dist\lib.js:21:3
55][0m
    [2m[at Pr (C:\Use
rs\HP\Desktop\codemati
cs-inc\node_modules\ta
ilwindcss\dist\lib.js:
3:1733)][0m
    [2m[at _ (C:\User
s\HP\Desktop\codematic
s-inc\node_modules\tai
lwindcss\dist\lib.js:3
:1377)][0m
    [2m[at Te (C:\Use
rs\HP\Desktop\codemati
cs-inc\node_modules\ta
ilwindcss\dist\lib.js:
21:172)][0m
    [2m[at pn (C:\Use
rs\HP\Desktop\codemati
cs-inc\node_modules\ta
ilwindcss\dist\lib.js:
38:294)][0m
    [2m[at async dn (
C:\Users\HP\Desktop\co
dematics-inc\node_modu
les\tailwindcss\dist\l
ib.js:38:631)][0m
    [2m[at async Xr (
C:\Users\HP\Desktop\co
dematics-inc\node_modu
les\@tailwindcss\node\
dist\index.js:10:3417)
][0m
    [2m[at async N (C
:\Users\HP\Desktop\cod
ematics-inc\node_modul
es\@tailwindcss\postcs
s\dist\index.js:10:397
9)][0m

> Build error occurred
Error: Turbopack 
build failed with 1 
errors:
./Desktop/codematics-i
nc/src/app/globals.css
Error evaluating 
Node.js code
CssSyntaxError: 
tailwindcss: C:\Users\
HP\Desktop\codematics-
inc\src\app\globals.cs
s:1:1: Cannot apply 
unknown utility class 
`font-heading`
    at Input.error (De
sktop/codematics-inc/n
ode_modules/postcss/li
b/input.js:135:16) [C:
\Users\HP\Desktop\code
matics-inc\.next\build
\chunks\8423e_9002b6ba
._.js:4651:22]
    at Root.error (Des
ktop/codematics-inc/no
de_modules/postcss/lib
/node.js:146:32) [C:\U
sers\HP\Desktop\codema
tics-inc\.next\build\c
hunks\8423e_9002b6ba._
.js:928:38]
    [at Object.Once (C
:\Users\HP\Desktop\cod
ematics-inc\node_modul
es\@tailwindcss\postcs
s\dist\index.js:10:691
3)]
    at async 
LazyResult.runAsync (D
esktop/codematics-inc/
node_modules/postcss/l
ib/lazy-result.js:293:
11) [C:\Users\HP\Deskt
op\codematics-inc\.nex
t\build\chunks\8423e_9
002b6ba._.js:6214:21]
    at async 
transform (turbopack:/
//[turbopack-node]/tra
nsforms/postcss.ts:70:
34) [C:\Users\HP\Deskt
op\codematics-inc\.nex
t\build\chunks\[root-o
f-the-server]__599c968
a._.js:146:36]
    at async run (turb
opack:///[turbopack-no
de]/ipc/evaluate.ts:92
:23) [C:\Users\HP\Desk
top\codematics-inc\.ne
xt\build\chunks\[root-
of-the-server]__7eb8b2
61._.js:443:31]

Import trace:
  Client Component 
Browser:
    ./Desktop/codemati
cs-inc/src/app/globals
.css [Client 
Component Browser]
    ./Desktop/codemati
cs-inc/src/app/layout.
tsx [Server Component]


    at async 
transform (turbopack:/
//[turbopack-node]/tra
nsforms/postcss.ts:70:
34) [C:\Users\HP\Deskt
op\codematics-inc\.nex
t\build\chunks\[root-o
f-the-server]__599c968
a._.js:146:36])
    at async run (turb
opack:///[turbopack-no
de]/ipc/evaluate.ts:92
:23) [C:\Users\HP\Desk
top\codematics-inc\.ne
xt\build\chunks\[root-
of-the-server]__7eb8b2
61._.js:443:31])
